/HOME/scz0s87/run/anaconda3/envs/Videomamba/lib/python3.10/site-packages/google/protobuf/internal/api_implementation.py:87: UserWarning: Selected implementation cpp is not available.
  warnings.warn(
Traceback (most recent call last):
  File "/HOME/scz0s87/run/VideoMamba/videomamba/video_sm/run_videomamba_pretraining.py", line 15, in <module>
    from engines.engine_for_pretraining_videomamba import train_one_epoch
  File "/data/run01/scz0s87/VideoMamba/videomamba/video_sm/engines/engine_for_pretraining_videomamba.py", line 7, in <module>
    import utils
  File "/data/run01/scz0s87/VideoMamba/videomamba/video_sm/utils.py", line 18, in <module>
    from tensorboardX import SummaryWriter
  File "/HOME/scz0s87/run/anaconda3/envs/Videomamba/lib/python3.10/site-packages/tensorboardX/__init__.py", line 5, in <module>
    from .torchvis import TorchVis
  File "/HOME/scz0s87/run/anaconda3/envs/Videomamba/lib/python3.10/site-packages/tensorboardX/torchvis.py", line 10, in <module>
    from .writer import SummaryWriter
  File "/HOME/scz0s87/run/anaconda3/envs/Videomamba/lib/python3.10/site-packages/tensorboardX/writer.py", line 16, in <module>
    from .comet_utils import CometLogger
  File "/HOME/scz0s87/run/anaconda3/envs/Videomamba/lib/python3.10/site-packages/tensorboardX/comet_utils.py", line 5, in <module>
    from google.protobuf.json_format import MessageToJson
  File "/HOME/scz0s87/run/anaconda3/envs/Videomamba/lib/python3.10/site-packages/google/protobuf/json_format.py", line 30, in <module>
    from google.protobuf.internal import type_checkers
  File "/HOME/scz0s87/run/anaconda3/envs/Videomamba/lib/python3.10/site-packages/google/protobuf/internal/type_checkers.py", line 28, in <module>
    from google.protobuf.internal import decoder
  File "/HOME/scz0s87/run/anaconda3/envs/Videomamba/lib/python3.10/site-packages/google/protobuf/internal/decoder.py", line 64, in <module>
    from google.protobuf.internal import encoder
  File "/HOME/scz0s87/run/anaconda3/envs/Videomamba/lib/python3.10/site-packages/google/protobuf/internal/encoder.py", line 48, in <module>
    from google.protobuf.internal import wire_format
  File "/HOME/scz0s87/run/anaconda3/envs/Videomamba/lib/python3.10/site-packages/google/protobuf/internal/wire_format.py", line 13, in <module>
    from google.protobuf import descriptor
  File "/HOME/scz0s87/run/anaconda3/envs/Videomamba/lib/python3.10/site-packages/google/protobuf/descriptor.py", line 28, in <module>
    from google.protobuf.pyext import _message
ImportError: /data/apps/gcc/9.3.0/lib64/libstdc++.so.6: version `GLIBCXX_3.4.29' not found (required by /HOME/scz0s87/run/anaconda3/envs/Videomamba/lib/python3.10/site-packages/google/protobuf/pyext/_message.cpython-310-x86_64-linux-gnu.so)
srun: error: g0004: task 0: Exited with exit code 1
srun: launch/slurm: _step_signal: Terminating StepId=3821778.0
