| distributed init (rank 0): env://, gpu 0
Namespace(batch_size=64, epochs=801, save_ckpt_freq=1000, model='videomamba_middle_pretrain', decoder_depth=4, mask_type='attention', mask_ratio=0.8, input_size=224, drop_path=0.4, normlize_target=True, tubelet_size=1, use_learnable_pos_emb=False, clip_teacher='clip_b16', clip_input_resolution=224, clip_loss_ratio=1.0, clip_loss_type='l2', clip_decoder_type='SA_Decoder', clip_decoder_embed_dim=576, clip_output_dim=512, clip_norm_type='l2', clip_return_attn=True, clip_return_layer=1, clip_return_interval=1.0, clip_student_return_interval=1.0, clip_return_cls=True, opt='adamw', opt_eps=1e-08, opt_betas=[0.9, 0.95], clip_grad=None, momentum=0.9, weight_decay=0.05, weight_decay_end=None, lr=0.00015, warmup_lr=1e-06, min_lr=1e-05, warmup_epochs=40, warmup_steps=-1, use_checkpoint=False, checkpoint_num=0, num_sample=1, color_jitter=0.0, train_interpolation='bicubic', flip='True', prefix='/HOME/scz0s87/run/dataset/data/view1', split=',', data_path='/HOME/scz0s87/run/dataset/data/view1/train.csv', imagenet_default_mean_and_std=True, use_decord=True, num_segments=8, num_frames=8, sampling_rate=1, output_dir='/HOME/scz0s87/run/VideoMamba-main/videomamba/videomamba_middle_mask_pt_f8_res224', log_dir='/HOME/scz0s87/run/VideoMamba-main/videomamba/videomamba_middle_mask_pt_f8_res224', device='cuda', seed=0, resume='', auto_resume=True, start_epoch=0, test_best=False, num_workers=12, pin_mem=True, no_amp=False, bf16=True, world_size=1, local_rank=-1, dist_on_itp=False, dist_url='env://', rank=0, gpu=0, distributed=True, dist_backend='nccl')
Creating model: videomamba_middle_pretrain
Use checkpoint: False
Checkpoint number: 0
Student return index: [31]
Normalization Type: l2
Patch size = (16, 16)
Tubelet size = 1
Teacher model: clip_b16
Loss ratio: 1.0
Loss type: l2
Normalization Type: l2
Return Attention: True
Return Layer: 1
Return Interval: 1.0
Teacher return index: [11]
load pretrained weights
Traceback (most recent call last):
  File "/HOME/scz0s87/run/VideoMamba-main/videomamba/video_sm/run_videomamba_pretraining.py", line 350, in <module>
    main(opts)
  File "/HOME/scz0s87/run/VideoMamba-main/videomamba/video_sm/run_videomamba_pretraining.py", line 212, in main
    teacher_model = eval(args.clip_teacher)(
  File "/data/run01/scz0s87/VideoMamba-main/videomamba/video_sm/models/clip.py", line 246, in clip_b16
    load_state_dict(model, state_dict, input_resolution=input_resolution, patch_size=16, center=center)
  File "/data/run01/scz0s87/VideoMamba-main/videomamba/video_sm/models/clip.py", line 209, in load_state_dict
    pos_embed_checkpoint = state_dict['positional_embedding']
KeyError: 'positional_embedding'
srun: error: g0109: task 0: Exited with exit code 1
srun: launch/slurm: _step_signal: Terminating StepId=3822893.0
